== 1/4 retail-shelf-audit: fair A/B against ground truth
# retail-shelf-audit benchmark

All conditions receive the same user request, image, and output format. The with-skill condition adds the
skill's workflow and guardrails, so any delta below comes from the skill, not from knowing field names.

| Dimension | Metric | Baseline | With skill | Delta vs baseline |
| --- | --- | ---: | ---: | ---: |
| Contract | JSON + required fields | 100.0% | 100.0% | +0.0% |
| Correctness | Task score vs ground truth | 82.7% | 82.7% | +0.0% |
| Correctness | facing_accuracy | 98.2% | 98.5% | +0.3% |
| Correctness | gap_f1 | 50.0% | 50.0% | +0.0% |
| Correctness | occlusion_reported | 100.0% | 100.0% | +0.0% |
| Discoverability | Trigger accuracy (agent-router, 36 runs) | - | 100.0% | - |
| Discoverability | False-trigger rate on negatives | - | 0.0% | - |
| Discoverability | Missed-trigger rate on positives | - | 0.0% | - |
| Efficiency | Mean latency (s) | 14.2 | 15.5 | +1.4 |
| Efficiency | Mean completion tokens | 436 | 479 | +44 |

Primary metric: **task**. Verdict: **FAIL**

Live mode: raw outputs were captured from one configured model endpoint; see the adjacent CAPTURE.json for model, latency, and token evidence.
>> BLOCKED at evaluation: the skill does not beat the bare model, so it is not installed.

== 2/4 planogram-compliance: baseline vs pasted data vs skill
# planogram-compliance benchmark

All conditions receive the same user request, image, and output format. The with-skill condition adds the
skill's workflow and guardrails, so any delta below comes from the skill, not from knowing field names.
*Pasted data* is the same reference data given to a generic prompt without the skill's procedure.

| Dimension | Metric | Baseline | Pasted data | With skill | Delta vs baseline |
| --- | --- | ---: | ---: | ---: | ---: |
| Contract | JSON + required fields | 100.0% | 100.0% | 100.0% | +0.0% |
| Correctness | Task score vs ground truth | 11.1% | 72.6% | 78.4% | +67.3% |
| Correctness | status_accuracy | 0.0% | 77.4% | 87.1% | +87.1% |
| Correctness | deviation_f1 | 33.3% | 46.9% | 53.2% | +19.9% |
| Correctness | facing_exact | 0.0% | 93.5% | 95.0% | +95.0% |
| Discoverability | Trigger accuracy (agent-router, 36 runs) | - | - | 100.0% | - |
| Discoverability | False-trigger rate on negatives | - | - | 0.0% | - |
| Discoverability | Missed-trigger rate on positives | - | - | 0.0% | - |
| Efficiency | Mean latency (s) | 18.1 | 24.2 | 18.7 | +0.5 |
| Efficiency | Mean completion tokens | 558 | 748 | 568 | +11 |

Primary metric: **task**. Verdict: **PASS**

Live mode: raw outputs were captured from one configured model endpoint; see the adjacent CAPTURE.json for model, latency, and token evidence.
>> SkillSpector 2.12.0: CAUTION, risk score 3, 1 issue(s)
>> skill-card.md written, signed as skill.oms.sig, signature verified before and after install
>> INSTALLED: build/demo-dgx/workspace/skills/planogram-compliance

== 3/4 replay the installed skill on a held-out photo
{"status": "ok", "result": "/home/Developer/skillsmith/build/demo-dgx/replay/result.json"}
{
  "metrics": {
    "status_accuracy": 0.9,
    "deviation_f1": 0.857,
    "facing_exact": 0.9
  },
  "task_score": 0.886
}

== 4/4 tamper with the signed skill: change one policy word
{
  "status": "failed",
  "message": "modified since signing: references/workflow.json"
}
skillsmith: refusing to install planogram-compliance: signature verification failed: modified since signing: references/workflow.json
>> REFUSED: a one-word change to the signed skill fails verification and is not installed.

DGX demo completed in 572s. Outputs under build/demo-dgx/
